Output scritto in test-output.txt
