=== DEBUG: Raw HTML scores near S1G5 ===

=== DEBUG S1G5 raw points ===
P1: homeScore=0, awayScore=15, winner=away, isGamePoint=false
P2: homeScore=15, awayScore=15, winner=home, isGamePoint=false
P3: homeScore=15, awayScore=30, winner=away, isGamePoint=false
P4: homeScore=30, awayScore=30, winner=home, isGamePoint=false
P5: homeScore=40, awayScore=30, winner=home, isGamePoint=false
P6: homeScore=40, awayScore=40, winner=away, isGamePoint=false
P7: homeScore=40, awayScore=40, winner=away, isGamePoint=true


=== S1G1 (V. Vacherot serve, break=false) ===
P1: 0-15 | winner=away
P2: 0-30 | winner=away
P3: 0-40 | winner=away [GAME]

=== S1G2 (C. Norrie serve, break=false) ===
P1: 15-0 | winner=home
P2: 30-0 | winner=home
P3: 40-0 | winner=home [GAME]

=== S1G3 (V. Vacherot serve, break=false) ===
P1: 15-0 | winner=home
P2: 30-0 | winner=home
P3: 30-15 | winner=away
P4: 30-30 | winner=away
P5: 30-40 | winner=away [GAME]

=== S1G5 (V. Vacherot serve, break=false) ===
P1: 0-15 | winner=away
P2: 15-15 | winner=home
P3: 15-30 | winner=away
P4: 30-30 | winner=home
P5: 40-30 | winner=home
P6: 40-40 | winner=away
P7: 40-40 | winner=away [GAME]


=== Analisi logica S1G5 (dovrebbe essere ai vantaggi) ===
Sequenza attesa dopo deuce:
40-40 -> A-40 (se home vince) o 40-A (se away vince) -> fine game
40-40 -> 40-A/A-40 -> 40-40 (se l'altro vince) -> e così via
